 ◆ tor-relay-setup vtest                                               old-host
────────────────────────────────────────────────────────────────────────────────
╭────────────────────────────────────────────────────────────────────────────╮
│ Relay                                                                      │
│ Nickname     GoodRelay                                                     │
│ Fingerprint  ABCDEF0123456789ABCDEF0123456789ABCDEF01                      │
│ Mode         guard / middle                                                │
│ ORPort       9001 (IPv4 + IPv6)                                            │
╰────────────────────────────────────────────────────────────────────────────╯
╭────────────────────────────────────────────────────────────────────────────╮
│ Health                                                                     │
│ Service       ✓ running                                                    │
│ tor           ✓ 0.4.9.3                                                    │
│ Listener      ✓ TCP 9001                                                   │
│ Reachability  ✓ reachable (IPv4 + IPv6)                                    │
╰────────────────────────────────────────────────────────────────────────────╯
╭────────────────────────────────────────────────────────────────────────────╮
│ Family                                                                     │
│ ✓  AAAAAAAAAAAAAAAAAAAAAAAAAAAAAAAAAAAAAAAAAAA                             │
╰────────────────────────────────────────────────────────────────────────────╯
╭────────────────────────────────────────────────────────────────────────────╮
│ Traffic                                                                    │
│ Limit        1640 KBytes (burst 8200 KBytes)                               │
│ Accounting   8381 GBytes per month, rule sum                               │
│ MetricsPort  127.0.0.1:9035                                                │
│ Live         ↓ 148.0 Mbit/s  ↑ 140.6 Mbit/s                                │
│              ▁▂▂▂▃▃▃▄▄▅▅▅▆▆▆▇▇██ 38s                                       │
│ Connections  1480 OR                                                       │
│ Sandbox      yes                                                           │
╰────────────────────────────────────────────────────────────────────────────╯
╭────────────────────────────────────────────────────────────────────────────╮
│ Tor Metrics                                                                │
│ Status      ✓ running                                                      │
│ Flags       Fast Guard Running Stable Valid                                │
│ Advertised  104.8 Mbit/s                                                   │
│ Weight      41200                                                          │
│ First seen  2026-03-14 08:00:00                                            │
│ 30 days     ▆▇▇████▇▇▆▆▅▄▄▄▄▄▅▅▆▇▇████▇▇▆▆                                 │
│             in 14.0 TB · out 14.0 TB                                       │
╰────────────────────────────────────────────────────────────────────────────╯
╭────────────────────────────────────────────────────────────────────────────╮
│ Recent log  (l opens the live view)                                        │
│ Oct 01 09:12:31 Tor[812]: Self-testing indicates your ORPort 203.0.113.5:… │
│ Oct 01 10:00:00 Tor[812]: Heartbeat: Tor's uptime is 1 day 0:00 hours, wi… │
╰────────────────────────────────────────────────────────────────────────────╯
╭────────────────────────────────────────────────────────────────────────────╮
│ Actions                                                                    │
│  r  Refresh                                                                │
│     Re-check everything now                                                │
│  l  Live logs                                                              │
│  f  Relay family                                                           │
│  e  Edit settings                                                          │
│  k  Identity keys                                                          │
│  c  ContactInfo proof                                                      │
│  s  Restart Tor                                                            │
│  o  Reload Tor                                                             │
│  p  Stop / start Tor                                                       │
│  u  Update Tor                                                             │
│  b  Back up keys                                                           │
│  w  Reconfigure                                                            │
│  n  Add a relay                                                            │
│  q  Quit                                                                   │
╰────────────────────────────────────────────────────────────────────────────╯






 ↑/↓ select  ·  enter run  ·  r refresh  ·  q quit
