 ◆ tor-relay-setup vtest                                                                          fleet.toml · 6 relays
────────────────────────────────────────────────────────────────────────────────────────────────────────────────────────
╭────────────────────────────────────────────────────────────────────────────────────────────────────────────────────╮
│ Fleet                                                                                                              │
│ Relays     ! 3 / 6 running                                    Live        ↓ 160.0 Mbit/s  ↑ 156.0 Mbit/s           │
│ Hosts      5 · 1 unreachable · 1 need self-update             Advertised  400.0 Mbit/s                             │
│ Weight     63000 · 0.063% of the network                      30 days     ▆▇▇████▇▇▆▆▅▄▄▄▄▄▅▅▆▇▇████▇▇▆▆           │
│ Selection  guard 0.070% · middle 0.065% · exit 0%                         in 83.7 TB · out 83.7 TB                 │
╰────────────────────────────────────────────────────────────────────────────────────────────────────────────────────╯
╭────────────────────────────────────────────────────────╮ ╭─────────────────────────────────────────────────────────╮
│ Relay                                                  │ │ Health                                                  │
│ Nickname     MyRelay2                                  │ │ Service       ✓ tor@default                             │
│ Host         admin@relay2.example.org                  │ │ tor           ✓ 0.4.9.3                                 │
│ Instance     default                                   │ │ Listener      ✓ TCP 9001                                │
│ State        ! running                                 │ │ Reachability  ✓ reachable                               │
│ Probed       0s ago · tor-relay-setup v3.2.0           │ │ Live          ↓ 20.0 Mbit/s  ↑ 20.0 Mbit/s              │
│ Fingerprint  22222222…22222222                         │ │ Connections   1200 OR                                   │
╰────────────────────────────────────────────────────────╯ ╰─────────────────────────────────────────────────────────╯
╭────────────────────────────────────────────────────────╮ ╭─────────────────────────────────────────────────────────╮
│ Family                                                 │ │ Tor Metrics                                             │
│ ✓  AAAAAAAAAAAAAAAAAAAAAAAAAAAAAAAAAAAAAAAAAAA         │ │ Status      ✓ running                                   │
│                                                        │ │ Flags       Fast Running Stable Valid                   │
│                                                        │ │ Weight      9800 · 0.0098%                              │
│                                                        │ │ Selection   guard 0% · middle 0.010% · exit 0%          │
│                                                        │ │ Advertised  50.0 Mbit/s                                 │
│                                                        │ │ Lost        Guard since the last run                    │
│                                                        │ │ 30 days     ▆▇▇████▇▇▆▆▅▄▄▄▄▄▅▅▆▇▇████▇▇▆▆              │
│                                                        │ │             in 27.9 TB · out 27.9 TB                    │
╰────────────────────────────────────────────────────────╯ ╰─────────────────────────────────────────────────────────╯
╭────────────────────────────────────────────────────────────────────────────────────────────────────────────────────╮
│ Warnings                                                                                                           │
│ ! Tor could not confirm the ORPort is reachable from outside                                                       │
╰────────────────────────────────────────────────────────────────────────────────────────────────────────────────────╯






 ↑/↓ next relay  ·  esc back
