 ◆ tor-relay-setup vtest                                                                                       old-host
────────────────────────────────────────────────────────────────────────────────────────────────────────────────────────
 Review · nothing has changed yet
╭────────────────────────────────────────────────────────╮ ╭────────────────────────────────────────────────────────╮
│ Relay                                                  │ │ System                                                 │
│ Mode         Guard / middle relay                      │ │ Bandwidth    ≈ 13.4 Mbit/s steady                      │
│ Nickname     TestRelay                                 │ │ Monthly cap  8381 GBytes/month (safety cap)            │
│ ContactInfo  tor-ops@example.org                       │ │ Updates      yes (security + Tor Project)              │
│ ORPort       9001 (IPv4) · IPv6 disabled               │ │ Firewall     auto                                      │
│ Family       none                                      │ │ MetricsPort  off                                       │
│                                                        │ │ Sandbox      yes                                       │
│                                                        │ │ Nyx          yes                                       │
│                                                        │ │ Hostname     unchanged                                 │
╰────────────────────────────────────────────────────────╯ ╰────────────────────────────────────────────────────────╯
╭────────────────────────────────────────────────────────────────────────────────────────────────────────────────────╮
│ What will change (8)                                                                                               │
│  1 Verify the Tor Project signing key (A3C4F0F979CAA22CDBA8F512EE8CBC9E886DDD89) and install                       │
│    /usr/share/keyrings/deb.torproject.org-keyring.gpg                                                              │
│  2 Write /etc/apt/sources.list.d/tor.sources for bookworm                                                          │
│  3 Install packages in one apt transaction: tor deb.torproject.org-keyring nyx unattended-upgrades apt-listchanges │
│  4 Write /etc/apt/apt.conf.d/52tor-relay-unattended-upgrades (security updates + Tor Project packages)             │
│  5 Write /etc/apt/apt.conf.d/20auto-upgrades                                                                       │
│  6 Back up and replace /etc/tor/torrc after tor --verify-config accepts the new version                            │
│  7 ufw allow 9001/tcp comment 'Tor relay ORPort'                                                                   │
│  8 Enable and restart tor@default                                                                                  │
╰────────────────────────────────────────────────────────────────────────────────────────────────────────────────────╯
╭────────────────────────────────────────────────────────────────────────────────────────────────────────────────────╮
│ /etc/tor/torrc                                                                                                     │
│ # Generated by tor-relay-setup vtest on YYYY-MM-DD hh:mm:ss UTC.                                                   │
│ # Tor relay configuration.                                                                                         │
│ # Review Tor Project relay documentation before making manual changes.                                             │
│                                                                                                                    │
│ Nickname TestRelay                                                                                                 │
│ ContactInfo "tor-ops@example.org"                                                                                  │
│                                                                                                                    │
│ ORPort 9001                                                                                                        │
│                                                                                                                    │
│ # Disable local SOCKS listener on this relay-only server.                                                          │
│ SocksPort 0                                                                                                        │
│                                                                                                                    │
│ # Guard / middle relay mode.                                                                                       │
│ ExitRelay 0                                                                                                        │
│                                                                                                                    │
│ # Keep potentially sensitive log details scrubbed.                                                                 │
│ SafeLogging 1                                                                                                      │
│ Sandbox 1                                                                                                          │
│                                                                                                                    │
│ # Relay-specific bandwidth limits. Tor applies these per second.                                                   │
│ RelayBandwidthRate 1640 KBytes                                                                                     │
│ RelayBandwidthBurst 8200 KBytes                                                                                    │
│                                                                                                                    │
│ # Monthly accounting safety cap. Tor hibernates if this is exhausted.                                              │
│ AccountingStart month 1 00:00                                                                                      │
│ AccountingRule sum                                                                                                 │
│ AccountingMax 8381 GBytes                                                                                          │
╰────────────────────────────────────────────────────────────────────────────────────────────────────────────────────╯



 a apply  ·  s save as relay.toml  ·  b back to edit  ·  ↑/↓ scroll  ·  q quit
